\BOOKMARK [1][]{section.1}{\376\377\000I\000n\000t\000r\000o\000d\000u\000c\000t\000i\000o\000n}{}% 1
\BOOKMARK [1][]{section.2}{\376\377\000R\000e\000l\000a\000t\000e\000d\000\040\000W\000o\000r\000k}{}% 2
\BOOKMARK [2][]{subsection.2.1}{\376\377\000F\000o\000r\000e\000c\000a\000s\000t\000\040\000e\000v\000a\000l\000u\000a\000t\000i\000o\000n\000\040\000m\000e\000t\000r\000i\000c\000s}{section.2}% 3
\BOOKMARK [2][]{subsection.2.2}{\376\377\000F\000o\000r\000e\000c\000a\000s\000t\000\040\000s\000k\000i\000l\000l\000\040\000e\000v\000a\000l\000u\000a\000t\000i\000o\000n}{section.2}% 4
\BOOKMARK [2][]{subsection.2.3}{\376\377\000P\000r\000e\000d\000i\000c\000t\000a\000b\000i\000l\000i\000t\000y\000\040\000l\000i\000m\000i\000t\000s}{section.2}% 5
\BOOKMARK [1][]{section.3}{\376\377\000P\000r\000o\000b\000l\000e\000m\000\040\000F\000o\000r\000m\000u\000l\000a\000t\000i\000o\000n}{}% 6
\BOOKMARK [2][]{subsection.3.1}{\376\377\000O\000p\000e\000r\000a\000t\000i\000o\000n\000a\000l\000\040\000P\000r\000e\000d\000i\000c\000t\000a\000b\000i\000l\000i\000t\000y\000\040\000H\000o\000r\000i\000z\000o\000n}{section.3}% 7
\BOOKMARK [3][]{section*.2}{\376\377\000O\000p\000e\000r\000a\000t\000i\000o\000n\000a\000l\000\040\000d\000e\000f\000i\000n\000i\000t\000i\000o\000n\000s\000:}{subsection.3.1}% 8
\BOOKMARK [2][]{subsection.3.2}{\376\377\000O\000p\000e\000r\000a\000t\000i\000o\000n\000a\000l\000\040\000i\000n\000t\000e\000r\000p\000r\000e\000t\000a\000t\000i\000o\000n\000\040\000a\000n\000d\000\040\000a\000c\000t\000i\000o\000n\000a\000b\000i\000l\000i\000t\000y}{section.3}% 9
\BOOKMARK [1][]{section.4}{\376\377\000E\000v\000a\000l\000u\000a\000t\000i\000o\000n\000\040\000F\000r\000a\000m\000e\000w\000o\000r\000k}{}% 10
\BOOKMARK [2][]{subsection.4.1}{\376\377\000B\000a\000s\000e\000l\000i\000n\000e\000\040\000m\000o\000d\000e\000l\000s}{section.4}% 11
\BOOKMARK [2][]{subsection.4.2}{\376\377\000E\000v\000a\000l\000u\000a\000t\000i\000o\000n\000\040\000m\000e\000t\000r\000i\000c\000s}{section.4}% 12
\BOOKMARK [2][]{subsection.4.3}{\376\377\000T\000e\000m\000p\000o\000r\000a\000l\000\040\000v\000a\000l\000i\000d\000a\000t\000i\000o\000n\000\040\000p\000r\000o\000t\000o\000c\000o\000l}{section.4}% 13
\BOOKMARK [1][]{section.5}{\376\377\000D\000a\000t\000a\000s\000e\000t\000s}{}% 14
\BOOKMARK [2][]{subsection.5.1}{\376\377\000D\000a\000t\000a\000\040\000r\000e\000p\000r\000e\000s\000e\000n\000t\000a\000t\000i\000o\000n}{section.5}% 15
\BOOKMARK [1][]{section.6}{\376\377\000E\000x\000p\000e\000r\000i\000m\000e\000n\000t\000a\000l\000\040\000S\000e\000t\000u\000p}{}% 16
\BOOKMARK [2][]{subsection.6.1}{\376\377\000F\000o\000r\000e\000c\000a\000s\000t\000\040\000h\000o\000r\000i\000z\000o\000n\000s}{section.6}% 17
\BOOKMARK [2][]{subsection.6.2}{\376\377\000M\000o\000d\000e\000l\000s}{section.6}% 18
\BOOKMARK [2][]{subsection.6.3}{\376\377\000R\000e\000p\000r\000o\000d\000u\000c\000i\000b\000i\000l\000i\000t\000y\000\040\000r\000u\000l\000e\000s}{section.6}% 19
\BOOKMARK [1][]{section.7}{\376\377\000P\000M\0002\000.\0005\000\040\000D\000o\000m\000a\000i\000n\000\040\000R\000e\000s\000u\000l\000t\000s}{}% 20
\BOOKMARK [2][]{subsection.7.1}{\376\377\000P\000M\0002\000.\0005\000\040\000e\000x\000p\000e\000r\000i\000m\000e\000n\000t\000a\000l\000\040\000s\000e\000t\000t\000i\000n\000g}{section.7}% 21
\BOOKMARK [2][]{subsection.7.2}{\376\377\000O\000b\000s\000e\000r\000v\000e\000d\000\040\000s\000k\000i\000l\000l\000\040\000b\000e\000h\000a\000v\000i\000o\000r}{section.7}% 22
\BOOKMARK [2][]{subsection.7.3}{\376\377\000I\000n\000t\000e\000r\000p\000r\000e\000t\000a\000t\000i\000o\000n}{section.7}% 23
\BOOKMARK [1][]{section.8}{\376\377\000E\000l\000e\000c\000t\000r\000i\000c\000\040\000L\000o\000a\000d\000\040\000D\000o\000m\000a\000i\000n\000\040\000R\000e\000s\000u\000l\000t\000s}{}% 24
\BOOKMARK [2][]{subsection.8.1}{\376\377\000E\000n\000e\000r\000g\000y\000\040\000e\000x\000p\000e\000r\000i\000m\000e\000n\000t\000a\000l\000\040\000s\000e\000t\000t\000i\000n\000g}{section.8}% 25
\BOOKMARK [2][]{subsection.8.2}{\376\377\000O\000b\000s\000e\000r\000v\000e\000d\000\040\000s\000k\000i\000l\000l\000\040\000b\000e\000h\000a\000v\000i\000o\000r}{section.8}% 26
\BOOKMARK [2][]{subsection.8.3}{\376\377\000I\000n\000t\000e\000r\000p\000r\000e\000t\000a\000t\000i\000o\000n}{section.8}% 27
\BOOKMARK [1][]{section.9}{\376\377\000W\000i\000n\000d\000\040\000D\000o\000m\000a\000i\000n\000\040\000R\000e\000s\000u\000l\000t\000s}{}% 28
\BOOKMARK [2][]{subsection.9.1}{\376\377\000W\000i\000n\000d\000\040\000e\000x\000p\000e\000r\000i\000m\000e\000n\000t\000a\000l\000\040\000s\000e\000t\000t\000i\000n\000g}{section.9}% 29
\BOOKMARK [2][]{subsection.9.2}{\376\377\000O\000b\000s\000e\000r\000v\000e\000d\000\040\000s\000k\000i\000l\000l\000\040\000b\000e\000h\000a\000v\000i\000o\000r}{section.9}% 30
\BOOKMARK [2][]{subsection.9.3}{\376\377\000I\000n\000t\000e\000r\000p\000r\000e\000t\000a\000t\000i\000o\000n}{section.9}% 31
\BOOKMARK [1][]{section.10}{\376\377\000T\000r\000a\000f\000f\000i\000c\000\040\000D\000o\000m\000a\000i\000n\000\040\000R\000e\000s\000u\000l\000t\000s}{}% 32
\BOOKMARK [2][]{subsection.10.1}{\376\377\000T\000r\000a\000f\000f\000i\000c\000\040\000e\000x\000p\000e\000r\000i\000m\000e\000n\000t\000a\000l\000\040\000s\000e\000t\000t\000i\000n\000g}{section.10}% 33
\BOOKMARK [2][]{subsection.10.2}{\376\377\000O\000b\000s\000e\000r\000v\000e\000d\000\040\000s\000k\000i\000l\000l\000\040\000b\000e\000h\000a\000v\000i\000o\000r}{section.10}% 34
\BOOKMARK [2][]{subsection.10.3}{\376\377\000I\000n\000t\000e\000r\000p\000r\000e\000t\000a\000t\000i\000o\000n}{section.10}% 35
\BOOKMARK [2][]{subsection.10.4}{\376\377\000A\000l\000t\000e\000r\000n\000a\000t\000i\000v\000e\000-\000b\000a\000s\000e\000l\000i\000n\000e\000\040\000s\000e\000n\000s\000i\000t\000i\000v\000i\000t\000y}{section.10}% 36
\BOOKMARK [1][]{section.11}{\376\377\000D\000i\000s\000c\000u\000s\000s\000i\000o\000n}{}% 37
\BOOKMARK [1][]{section.12}{\376\377\000L\000i\000m\000i\000t\000a\000t\000i\000o\000n\000s}{}% 38
\BOOKMARK [1][]{section.13}{\376\377\000C\000o\000n\000c\000l\000u\000s\000i\000o\000n}{}% 39
